I cut this up into the different exercises to make the TA's life easier!



Exercise 1
(base) [work@192:~/Ironhack/Labs/lab-bash]% echo "Hello, World!"
dquote> "
Hello, World

(base) [work@192:~/Ironhack/Labs/lab-bash]% echo 'Hello, World!'
Hello, World!

Exercise 2
(base) [work@192:~/Ironhack/Labs/lab-bash]% mkdir new_dir

Exercise 3
(base) [work@192:~/Ironhack/Labs/lab-bash]% rmdir new_dir 

Exercise 4
(base) [work@192:~/Ironhack/Labs/lab-bash]% cp lorem/sed.txt lorem-copy/sed.txt
(base) [work@192:~/Ironhack/Labs/lab-bash]% ls lorem-copy 
dummy_file.txt*	sed.txt*

Exercise 6 (out of order - exercise 5 below!) 
(base) [work@192:~/Ironhack/Labs/lab-bash]% cat lorem/sed.txt 
Sed ut perspiciatis unde omnis iste natus error sit voluptatem accusantium doloremque laudantium, 
totam rem aperiam, eaque ipsa quae ab illo inventore veritatis et quasi architecto beatae vitae dicta sunt explicabo. 
Nemo enim ipsam voluptatem quia voluptas sit aspernatur aut odit aut fugit, 
sed quia consequuntur magni dolores eos qui ratione voluptatem sequi nesciunt. 
Neque porro quisquam est, qui dolorem ipsum quia dolor sit amet, consectetur, adipisci velit, 
sed quia non numquam eius modi tempora incidunt ut labore et dolore magnam aliquam quaerat voluptatem. 
Ut enim ad minima veniam, quis nostrum exercitationem ullam corporis suscipit laboriosam, 
nisi ut aliquid ex ea commodi consequatur? Quis autem vel eum iure reprehenderit qui in ea voluptate velit esse quam nihil molestiae consequatur, 
vel illum qui dolorem eum fugiat quo voluptas nulla pariatur?Homo homini lupus
(base) [work@192:~/Ironhack/Labs/lab-bash]% ls lorem
at.txt*		at.txte*	lorem.txt*	sed.txt*
(base) [work@192:~/Ironhack/Labs/lab-bash]% cp lorem/at.txt lorem-copy/
(base) [work@192:~/Ironhack/Labs/lab-bash]% ls lorem-copy 
at.txt*		dummy_file.txt*	sed.txt*
(base) [work@192:~/Ironhack/Labs/lab-bash]% rm lorem-copy/at.txt 

Exercise 5 (Did the 'other two' with semicolon, and then copied the (obvious typo) at.txte later
(base) [work@192:~/Ironhack/Labs/lab-bash]% cp lorem/at.txt lorem-copy/; cp lorem/lorem.txt lorem-copy/
(base) [work@192:~/Ironhack/Labs/lab-bash]% cp at.txte lorem-copy
cp: at.txte: No such file or directory
(base) [work@192:~/Ironhack/Labs/lab-bash]% cp lorem/at.txte lorem-copy

(base) [work@192:~/Ironhack/Labs/lab-bash]% ls
exercices/	lorem/		outputs/
inputs/		lorem-copy/	readme.md
(base) [work@192:~/Ironhack/Labs/lab-bash]% cd lorem-copy 
(base) [work@192:~/Ironhack/Labs/lab-bash/lorem-copy]% ls
at.txt*		at.txte*	dummy_file.txt*	lorem.txt*	sed.txt*
(base) [work@192:~/Ironhack/Labs/lab-bash/lorem-copy]% rm at.txte

Exercise 6 again 
(base) [work@192:~/Ironhack/Labs/lab-bash/lorem-copy]% cd ..
(base) [work@192:~/Ironhack/Labs/lab-bash]% cat lorem/sed.txt 
Sed ut perspiciatis unde omnis iste natus error sit voluptatem accusantium doloremque laudantium, 
totam rem aperiam, eaque ipsa quae ab illo inventore veritatis et quasi architecto beatae vitae dicta sunt explicabo. 
Nemo enim ipsam voluptatem quia voluptas sit aspernatur aut odit aut fugit, 
sed quia consequuntur magni dolores eos qui ratione voluptatem sequi nesciunt. 
Neque porro quisquam est, qui dolorem ipsum quia dolor sit amet, consectetur, adipisci velit, 
sed quia non numquam eius modi tempora incidunt ut labore et dolore magnam aliquam quaerat voluptatem. 
Ut enim ad minima veniam, quis nostrum exercitationem ullam corporis suscipit laboriosam, 
nisi ut aliquid ex ea commodi consequatur? Quis autem vel eum iure reprehenderit qui in ea voluptate velit esse quam nihil molestiae consequatur, 
vel illum qui dolorem eum fugiat quo voluptas nulla pariatur?Homo homini lupus

Exercise 7
(base) [work@192:~/Ironhack/Labs/lab-bash]% cat lorem/at.txt
At vero eos ET accusamus ET iusto odio dignissimos ducimus qui blanditiis praesentium voluptatum 
deleniti atque corrupti quos dolores ET quas molestias excepturi sint occaecati cupiditate non 
provident, similique sunt in culpa qui officia deserunt mollitia animi, id est laborum ET dolorum fuga. 
Et harum quidem rerum facilis est ET expedita distinctio. 
Nam libero tempore, cum soluta nobis est eligendi optio cumque nihil impedit quo minus id quod 
maxime placeat facere possimus, omnis voluptas assumenda est, omnis dolor repellendus. 
Temporibus autem quibusdam ET aut officiis debitis aut rerum necessitatibus saepe eveniET 
ut ET voluptates repudiandae sint ET molestiae non recusandae. 
Itaque earum rerum hic tenETur a sapiente delectus, ut aut reiciendis voluptatibus maiores 
alias consequatur aut perferendis doloribus asperiores repellat
(base) [work@192:~/Ironhack/Labs/lab-bash]% cat lorem/lorem.txt 
Lorem ipsum dolor sit amet, consectetur adipiscing elit, sed do eiusmod tempor incididunt ut labore et dolore magna aliqua. 
Ut enim ad minim veniam, quis nostrud exercitation ullamco laboris nisi ut aliquip ex ea commodo consequat. 
Duis aute irure dolor in reprehenderit in voluptate velit esse cillum dolore eu fugiat nulla pariatur. 
Excepteur sint occaecat cupidatat non proident, sunt in culpa qui officia deserunt mollit anim id est laborum.%       

Exercise 8 (looked around a bit before finding that head & tails were the way to go for 8 and 9)
(base) [work@192:~/Ironhack/Labs/lab-bash]% man print
No manual entry for print
(base) [work@192:~/Ironhack/Labs/lab-bash]% man cat
(base) [work@192:~/Ironhack/Labs/lab-bash]% man pr
(base) [work@192:~/Ironhack/Labs/lab-bash]% man head
(base) [work@192:~/Ironhack/Labs/lab-bash]% head 3 lorem-copy/sed.txt
head: 3: No such file or directory
==> lorem-copy/sed.txt <==
Sed ut perspiciatis unde omnis iste natus error sit voluptatem accusantium doloremque laudantium, 
totam rem aperiam, eaque ipsa quae ab illo inventore veritatis et quasi architecto beatae vitae dicta sunt explicabo. 
Nemo enim ipsam voluptatem quia voluptas sit aspernatur aut odit aut fugit, 
sed quia consequuntur magni dolores eos qui ratione voluptatem sequi nesciunt. 
Neque porro quisquam est, qui dolorem ipsum quia dolor sit amet, consectetur, adipisci velit, 
sed quia non numquam eius modi tempora incidunt ut labore et dolore magnam aliquam quaerat voluptatem. 
Ut enim ad minima veniam, quis nostrum exercitationem ullam corporis suscipit laboriosam, 
nisi ut aliquid ex ea commodi consequatur? Quis autem vel eum iure reprehenderit qui in ea voluptate velit esse quam nihil molestiae consequatur, 
vel illum qui dolorem eum fugiat quo voluptas nulla pariatur?Homo homini lupus
(base) [work@192:~/Ironhack/Labs/lab-bash]% man head                
(base) [work@192:~/Ironhack/Labs/lab-bash]% head -n 3 lorem-copy/sed.txt 
Sed ut perspiciatis unde omnis iste natus error sit voluptatem accusantium doloremque laudantium, 
totam rem aperiam, eaque ipsa quae ab illo inventore veritatis et quasi architecto beatae vitae dicta sunt explicabo. 
Nemo enim ipsam voluptatem quia voluptas sit aspernatur aut odit aut fugit, 

Exercise 9
(base) [work@192:~/Ironhack/Labs/lab-bash]% man tail
(base) [work@192:~/Ironhack/Labs/lab-bash]% tail -n 3 lorem-copy/sed.txt
Ut enim ad minima veniam, quis nostrum exercitationem ullam corporis suscipit laboriosam, 
nisi ut aliquid ex ea commodi consequatur? Quis autem vel eum iure reprehenderit qui in ea voluptate velit esse quam nihil molestiae consequatur, 
vel illum qui dolorem eum fugiat quo voluptas nulla pariatur?Homo homini lupus

Exercise 10
(base) [work@192:~/Ironhack/Labs/lab-bash]% cat "Homo homini lupus." >>lorem-copy/sed.txt
cat: Homo homini lupus.: No such file or directory
(base) [work@192:~/Ironhack/Labs/lab-bash]% echo "Homo homini lupus." >> lorem-copy/sed.txt

Exercise 11
(base) [work@192:~/Ironhack/Labs/lab-bash]% tail lorem-copy/sed.txt 
Sed ut perspiciatis unde omnis iste natus error sit voluptatem accusantium doloremque laudantium, 
totam rem aperiam, eaque ipsa quae ab illo inventore veritatis et quasi architecto beatae vitae dicta sunt explicabo. 
Nemo enim ipsam voluptatem quia voluptas sit aspernatur aut odit aut fugit, 
sed quia consequuntur magni dolores eos qui ratione voluptatem sequi nesciunt. 
Neque porro quisquam est, qui dolorem ipsum quia dolor sit amet, consectetur, adipisci velit, 
sed quia non numquam eius modi tempora incidunt ut labore et dolore magnam aliquam quaerat voluptatem. 
Ut enim ad minima veniam, quis nostrum exercitationem ullam corporis suscipit laboriosam, 
nisi ut aliquid ex ea commodi consequatur? Quis autem vel eum iure reprehenderit qui in ea voluptate velit esse quam nihil molestiae consequatur, 
vel illum qui dolorem eum fugiat quo voluptas nulla pariatur?Homo homini lupus
Homo homini lupus.
(base) [work@192:~/Ironhack/Labs/lab-bash]% tail -n 3 lorem-copy/sed.txt
nisi ut aliquid ex ea commodi consequatur? Quis autem vel eum iure reprehenderit qui in ea voluptate velit esse quam nihil molestiae consequatur, 
vel illum qui dolorem eum fugiat quo voluptas nulla pariatur?Homo homini lupus
Homo homini lupus.

Exercise 12 (Not sure what happened here - kept getting error messages but eventually got the right output - which was the one that worked?)
(base) [work@192:~/Ironhack/Labs/lab-bash]% cd lorem
(base) [work@192:~/Ironhack/Labs/lab-bash/lorem]% sed -i 's/et/ET/' at.txt
sed: 1: "at.txt": command a expects \ followed by text
(base) [work@192:~/Ironhack/Labs/lab-bash/lorem]% sed -i 's/et/ET/' ./at.txt
sed: 1: "./at.txt": invalid command code .
(base) [work@192:~/Ironhack/Labs/lab-bash/lorem]% sed -i 's/et/ET/' > at.txt
zsh: file exists: at.txt
(base) [work@192:~/Ironhack/Labs/lab-bash/lorem]% man sed
(base) [work@192:~/Ironhack/Labs/lab-bash/lorem]% sed 's/et/ET/' at.txt  
At vero eos ET accusamus ET iusto odio dignissimos ducimus qui blanditiis praesentium voluptatum 
deleniti atque corrupti quos dolores ET quas molestias excepturi sint occaecati cupiditate non 
provident, similique sunt in culpa qui officia deserunt mollitia animi, id est laborum ET dolorum fuga. 
Et harum quidem rerum facilis est ET expedita distinctio. 
Nam libero tempore, cum soluta nobis est eligendi optio cumque nihil impedit quo minus id quod 
maxime placeat facere possimus, omnis voluptas assumenda est, omnis dolor repellendus. 
Temporibus autem quibusdam ET aut officiis debitis aut rerum necessitatibus saepe eveniET 
ut ET voluptates repudiandae sint ET molestiae non recusandae. 
Itaque earum rerum hic tenETur a sapiente delectus, ut aut reiciendis voluptatibus maiores 
alias consequatur aut perferendis doloribus asperiores repellat
(base) [work@192:~/Ironhack/Labs/lab-bash/lorem]% cat at.txt
At vero eos ET accusamus ET iusto odio dignissimos ducimus qui blanditiis praesentium voluptatum 
deleniti atque corrupti quos dolores ET quas molestias excepturi sint occaecati cupiditate non 
provident, similique sunt in culpa qui officia deserunt mollitia animi, id est laborum ET dolorum fuga. 
Et harum quidem rerum facilis est ET expedita distinctio. 
Nam libero tempore, cum soluta nobis est eligendi optio cumque nihil impedit quo minus id quod 
maxime placeat facere possimus, omnis voluptas assumenda est, omnis dolor repellendus. 
Temporibus autem quibusdam ET aut officiis debitis aut rerum necessitatibus saepe eveniET 
ut ET voluptates repudiandae sint ET molestiae non recusandae. 
Itaque earum rerum hic tenETur a sapiente delectus, ut aut reiciendis voluptatibus maiores 
alias consequatur aut perferendis doloribus asperiores repellat

Exercise 13
(base) [work@192:~/Ironhack/Labs/lab-bash/lorem]% whoami
work

Exercise 14
(base) [work@192:~/Ironhack/Labs/lab-bash/lorem]% pwd
/Users/work/Ironhack/Labs/lab-bash/lorem

Exercise 15
(base) [work@192:~/Ironhack/Labs/lab-bash/lorem]% ls *.txt
at.txt*		lorem.txt*	sed.txt*
(base) [work@192:~/Ironhack/Labs/lab-bash/lorem]% cd ..
(base) [work@192:~/Ironhack/Labs/lab-bash]% ls lorem/*.txt
lorem/at.txt*		lorem/lorem.txt*	lorem/sed.txt*

Exercise 16 (Got confused because it said 'rows' instead of lines; then realized that for a data analytics course it makes sense to think of lines as rows)
(base) [work@192:~/Ironhack/Labs/lab-bash]% cat lorem/sed.txt | wc -l
       9
(base) [work@192:~/Ironhack/Labs/lab-bash]% less lorem/sed.txt 
(base) [work@192:~/Ironhack/Labs/lab-bash]% man wc

Exercise 17
(base) [work@192:~/Ironhack/Labs/lab-bash]% ls
exercices/	lorem/		outputs/
inputs/		lorem-copy/	readme.md
(base) [work@192:~/Ironhack/Labs/lab-bash]% ls */lorem*
lorem-copy/lorem.txt*	lorem/lorem.txt*

BONUS

Exercise 20
(base) [work@192:~/Ironhack/Labs/lab-bash]% echo 'name' > read myname
(base) [work@192:~/Ironhack/Labs/lab-bash]% echo $myname
(base) [work@192:~/Ironhack/Labs/lab-bash]% echo 'name' > read       
zsh: file exists: read
(base) [work@192:~/Ironhack/Labs/lab-bash]% ls
exercices/	lorem/		outputs/	readme.md
inputs/		lorem-copy/	read
(base) [work@192:~/Ironhack/Labs/lab-bash]% rm read
(base) [work@192:~/Ironhack/Labs/lab-bash]% read myname
name

Exercise 21
(base) [work@192:~/Ironhack/Labs/lab-bash]% echo $myname
name

Exercise 22
(base) [work@192:~/Ironhack/Labs/lab-bash]% mkdir $myname

Exercise 23
(base) [work@192:~/Ironhack/Labs/lab-bash]% rmdir name
